2026-09-27T18:18:40.3635906Z Current runner version: '2.337.0'
2026-09-27T18:18:40.3662149Z ##[group]Runner Image Provisioner
2026-09-27T18:18:40.3663147Z Hosted Compute Agent
2026-09-27T18:18:40.3663779Z Version: 20260828.587
2026-09-27T18:18:40.3664407Z Commit: abac92662cab4cc7352de4f9f9d2e2419aad9c29
2026-09-27T18:18:40.3665202Z Build Date: 2026-08-28T16:44:25Z
2026-09-27T18:18:40.3665876Z Worker ID: {9359a939-956b-4ef1-9cc8-74154b2171e1}
2026-09-27T18:18:40.3666613Z Azure Region: westus3
2026-09-27T18:18:40.3667236Z ##[endgroup]
2026-09-27T18:18:40.3668885Z ##[group]Operating System
2026-09-27T18:18:40.3669876Z Ubuntu
2026-09-27T18:18:40.3670443Z 24.04.5
2026-09-27T18:18:40.3670996Z LTS
2026-09-27T18:18:40.3671570Z ##[endgroup]
2026-09-27T18:18:40.3672126Z ##[group]Runner Image
2026-09-27T18:18:40.3672799Z Image: ubuntu-24.04
2026-09-27T18:18:40.3673375Z Version: 20260920.314.1
2026-09-27T18:18:40.3674726Z Included Software: https://github.com/actions/runner-images/blob/ubuntu24/20260920.314/images/ubuntu/Ubuntu2404-Readme.md
2026-09-27T18:18:40.3676281Z Image Release: https://github.com/actions/runner-images/releases/tag/ubuntu24%2F20260920.314
2026-09-27T18:18:40.3677711Z ##[endgroup]
2026-09-27T18:18:40.3678949Z ##[group]GITHUB_TOKEN Permissions
2026-09-27T18:18:40.3681419Z Contents: read
2026-09-27T18:18:40.3682027Z Metadata: read
2026-09-27T18:18:40.3682677Z Packages: read
2026-09-27T18:18:40.3683245Z ##[endgroup]
2026-09-27T18:18:40.3685369Z Secret source: Actions
2026-09-27T18:18:40.3686410Z Cache mode: write
2026-09-27T18:18:40.3687305Z Prepare workflow directory
2026-09-27T18:18:40.4268213Z Prepare all required actions
2026-09-27T18:18:40.4316722Z Getting action download info
2026-09-27T18:18:40.7606635Z Download action repository 'actions/checkout@v7' (SHA:3d3c42e5aac5ba805825da76410c181273ba90b1)
2026-09-27T18:18:40.9506419Z Complete job name: extractor (debian:12)
2026-09-27T18:18:41.0092720Z ##[group]Checking docker version
2026-09-27T18:18:41.0106082Z ##[command]/usr/bin/docker version --format '{{.Server.APIVersion}}'
2026-09-27T18:18:41.1272878Z '1.48'
2026-09-27T18:18:41.1291561Z Docker daemon API version: '1.48'
2026-09-27T18:18:41.1292598Z ##[command]/usr/bin/docker version --format '{{.Client.APIVersion}}'
2026-09-27T18:18:41.1468644Z '1.48'
2026-09-27T18:18:41.1482131Z Docker client API version: '1.48'
2026-09-27T18:18:41.1488225Z ##[endgroup]
2026-09-27T18:18:41.1492079Z ##[group]Clean up resources from previous jobs
2026-09-27T18:18:41.1497468Z ##[command]/usr/bin/docker ps --all --quiet --no-trunc --filter "label=807619"
2026-09-27T18:18:41.1650953Z ##[command]/usr/bin/docker network prune --force --filter "label=807619"
2026-09-27T18:18:41.1792925Z ##[endgroup]
2026-09-27T18:18:41.1793472Z ##[group]Create local container network
2026-09-27T18:18:41.1803906Z ##[command]/usr/bin/docker network create --label 807619 github_network_3f7aa0e0584446cbb71beb2cea88d5b6
2026-09-27T18:18:41.2347124Z dfcc93354a9c257231aa6abcf6f295160422defe98ee305604a227bdbe99a132
2026-09-27T18:18:41.2368044Z ##[endgroup]
2026-09-27T18:18:41.2394270Z ##[group]Starting job container
2026-09-27T18:18:41.2418244Z ##[command]/usr/bin/docker pull debian:12
2026-09-27T18:18:42.0277910Z 12: Pulling from library/debian
2026-09-27T18:18:42.2537108Z eaac70c68abd: Pulling fs layer
2026-09-27T18:18:42.5967357Z eaac70c68abd: Verifying Checksum
2026-09-27T18:18:42.5968067Z eaac70c68abd: Download complete
2026-09-27T18:18:44.4238464Z eaac70c68abd: Pull complete
2026-09-27T18:18:44.4368996Z Digest: sha256:f37a335e82bca302e955fa39f9dfe28f1be618f016f8a2b56318e5a5111afc26
2026-09-27T18:18:44.4384127Z Status: Downloaded newer image for debian:12
2026-09-27T18:18:44.4391592Z docker.io/library/debian:12
2026-09-27T18:18:44.4473727Z ##[command]/usr/bin/docker create --name 0d03aedceabb4ea181752dd40755b4f0_debian12_e7d8f1 --label 807619 --workdir /__w/HBS-Tool/HBS-Tool --network github_network_3f7aa0e0584446cbb71beb2cea88d5b6  -e "HOME=/github/home" -e GITHUB_ACTIONS=true -e CI=true -v "/var/run/docker.sock":"/var/run/docker.sock" -v "/home/runner/work":"/__w" -v "/home/runner/actions-runner/cached/2.337.0/externals":"/__e":ro -v "/home/runner/work/_temp":"/__w/_temp" -v "/home/runner/work/_actions":"/__w/_actions" -v "/opt/hostedtoolcache":"/__t" -v "/home/runner/work/_temp/_github_home":"/github/home" -v "/home/runner/work/_temp/_github_workflow":"/github/workflow" --entrypoint "tail" debian:12 "-f" "/dev/null"
2026-09-27T18:18:46.8113308Z e8a4336f97a89e8059873ad1e8240c3aad5dc46d4a8196a03a3a98d151896c01
2026-09-27T18:18:46.8135384Z ##[command]/usr/bin/docker start e8a4336f97a89e8059873ad1e8240c3aad5dc46d4a8196a03a3a98d151896c01
2026-09-27T18:18:47.3763600Z e8a4336f97a89e8059873ad1e8240c3aad5dc46d4a8196a03a3a98d151896c01
2026-09-27T18:18:47.3783439Z ##[command]/usr/bin/docker ps --all --filter id=e8a4336f97a89e8059873ad1e8240c3aad5dc46d4a8196a03a3a98d151896c01 --filter status=running --no-trunc --format "{{.ID}} {{.Status}}"
2026-09-27T18:18:47.3904360Z e8a4336f97a89e8059873ad1e8240c3aad5dc46d4a8196a03a3a98d151896c01 Up Less than a second
2026-09-27T18:18:47.3924435Z ##[command]/usr/bin/docker inspect --format "{{range .Config.Env}}{{println .}}{{end}}" e8a4336f97a89e8059873ad1e8240c3aad5dc46d4a8196a03a3a98d151896c01
2026-09-27T18:18:47.4046576Z HOME=/github/home
2026-09-27T18:18:47.4047402Z GITHUB_ACTIONS=true
2026-09-27T18:18:47.4057018Z CI=true
2026-09-27T18:18:47.4057600Z PATH=/usr/local/sbin:/usr/local/bin:/usr/sbin:/usr/bin:/sbin:/bin
2026-09-27T18:18:47.4065720Z ##[endgroup]
2026-09-27T18:18:47.4075109Z ##[group]Waiting for all services to be ready
2026-09-27T18:18:47.4076785Z ##[endgroup]
2026-09-27T18:18:47.4358856Z ##[group]Run actions/checkout@v7
2026-09-27T18:18:47.4359777Z with:
2026-09-27T18:18:47.4360080Z   repository: PotenFYR-Studios/HBS-Tool
2026-09-27T18:18:47.4362907Z   token: ***
2026-09-27T18:18:47.4363164Z   ssh-strict: true
2026-09-27T18:18:47.4363411Z   ssh-user: git
2026-09-27T18:18:47.4363663Z   persist-credentials: true
2026-09-27T18:18:47.4363953Z   clean: true
2026-09-27T18:18:47.4364227Z   sparse-checkout-cone-mode: true
2026-09-27T18:18:47.4364545Z   fetch-depth: 1
2026-09-27T18:18:47.4364783Z   fetch-tags: false
2026-09-27T18:18:47.4365035Z   show-progress: true
2026-09-27T18:18:47.4365291Z   lfs: false
2026-09-27T18:18:47.4365521Z   submodules: false
2026-09-27T18:18:47.4365777Z   set-safe-directory: true
2026-09-27T18:18:47.4366070Z   allow-unsafe-pr-checkout: false
2026-09-27T18:18:47.4366608Z ##[endgroup]
2026-09-27T18:18:47.4430044Z ##[command]/usr/bin/docker exec  e8a4336f97a89e8059873ad1e8240c3aad5dc46d4a8196a03a3a98d151896c01 sh -c "cat /etc/*release | grep ^ID"
2026-09-27T18:18:47.6406998Z Syncing repository: PotenFYR-Studios/HBS-Tool
2026-09-27T18:18:47.6408520Z ##[group]Getting Git version info
2026-09-27T18:18:47.6408960Z Working directory is '/__w/HBS-Tool/HBS-Tool'
2026-09-27T18:18:47.6410164Z ##[endgroup]
2026-09-27T18:18:47.6410521Z Deleting the contents of '/__w/HBS-Tool/HBS-Tool'
2026-09-27T18:18:47.6410979Z The repository will be downloaded using the GitHub REST API
2026-09-27T18:18:47.6411497Z To create a local Git repository instead, add Git 2.18 or higher to the PATH
2026-09-27T18:18:47.6411971Z Downloading the archive
2026-09-27T18:18:48.6282030Z Writing archive to disk
2026-09-27T18:18:48.6295885Z Extracting the archive
2026-09-27T18:18:48.6387758Z [command]/usr/bin/tar xz --warning=no-unknown-keyword --overwrite -C /__w/HBS-Tool/HBS-Tool/a339aade-a7ff-4fae-aea8-a450a6d82014 -f /__w/HBS-Tool/HBS-Tool/a339aade-a7ff-4fae-aea8-a450a6d82014.tar.gz
2026-09-27T18:18:48.6746884Z Resolved version PotenFYR-Studios-HBS-Tool-aca0571
2026-09-27T18:18:48.7014052Z ##[group]Run set -e
2026-09-27T18:18:48.7014428Z [36;1mset -e[0m
2026-09-27T18:18:48.7014730Z [36;1mif command -v apt-get >/dev/null 2>&1; then[0m
2026-09-27T18:18:48.7015062Z [36;1m  apt-get update -qq[0m
2026-09-27T18:18:48.7015509Z [36;1m  apt-get install -y -qq --no-install-recommends curl ca-certificates build-essential[0m
2026-09-27T18:18:48.7016006Z [36;1melif command -v dnf >/dev/null 2>&1; then[0m
2026-09-27T18:18:48.7016353Z [36;1m  dnf install -y -q curl ca-certificates gcc[0m
2026-09-27T18:18:48.7016902Z [36;1melif command -v apk >/dev/null 2>&1; then[0m
2026-09-27T18:18:48.7017265Z [36;1m  apk add --no-cache curl ca-certificates gcc musl-dev[0m
2026-09-27T18:18:48.7017612Z [36;1mfi[0m
2026-09-27T18:18:48.7017953Z [36;1mcurl --proto '=https' --tlsv1.2 -sSf https://sh.rustup.rs |[0m
2026-09-27T18:18:48.7018448Z [36;1m  sh -s -- -y --default-toolchain stable --profile minimal[0m
2026-09-27T18:18:48.7018886Z [36;1mecho "$HOME/.cargo/bin" >> "$GITHUB_PATH"[0m
2026-09-27T18:18:48.7022957Z shell: bash --noprofile --norc -e -o pipefail {0}
2026-09-27T18:18:48.7023299Z ##[endgroup]
2026-09-27T18:18:51.6378994Z debconf: delaying package configuration, since apt-utils is not installed
2026-09-27T18:18:51.6705500Z Selecting previously unselected package perl-modules-5.36.
2026-09-27T18:18:51.6717750Z (Reading database ... 
2026-09-27T18:18:51.6718339Z (Reading database ... 5%
2026-09-27T18:18:51.6718772Z (Reading database ... 10%
2026-09-27T18:18:51.6719191Z (Reading database ... 15%
2026-09-27T18:18:51.6719845Z (Reading database ... 20%
2026-09-27T18:18:51.6720243Z (Reading database ... 25%
2026-09-27T18:18:51.6720628Z (Reading database ... 30%
2026-09-27T18:18:51.6721018Z (Reading database ... 35%
2026-09-27T18:18:51.6721442Z (Reading database ... 40%
2026-09-27T18:18:51.6721868Z (Reading database ... 45%
2026-09-27T18:18:51.6722275Z (Reading database ... 50%
2026-09-27T18:18:51.6722666Z (Reading database ... 55%
2026-09-27T18:18:51.6723081Z (Reading database ... 60%
2026-09-27T18:18:51.6723310Z (Reading database ... 65%
2026-09-27T18:18:51.6723529Z (Reading database ... 70%
2026-09-27T18:18:51.6731047Z (Reading database ... 75%
2026-09-27T18:18:51.6731843Z (Reading database ... 80%
2026-09-27T18:18:51.6733890Z (Reading database ... 85%
2026-09-27T18:18:51.6737353Z (Reading database ... 90%
2026-09-27T18:18:51.6748281Z (Reading database ... 95%
2026-09-27T18:18:51.6748864Z (Reading database ... 100%
2026-09-27T18:18:51.6749756Z (Reading database ... 6096 files and directories currently installed.)
2026-09-27T18:18:51.6755531Z Preparing to unpack .../00-perl-modules-5.36_5.36.0-7+deb12u3_all.deb ...
2026-09-27T18:18:51.6763116Z Unpacking perl-modules-5.36 (5.36.0-7+deb12u3) ...
2026-09-27T18:18:51.9460931Z Selecting previously unselected package libgdbm6:amd64.
2026-09-27T18:18:51.9473287Z Preparing to unpack .../01-libgdbm6_1.23-3_amd64.deb ...
2026-09-27T18:18:51.9490404Z Unpacking libgdbm6:amd64 (1.23-3) ...
2026-09-27T18:18:51.9668512Z Selecting previously unselected package libgdbm-compat4:amd64.
2026-09-27T18:18:51.9681109Z Preparing to unpack .../02-libgdbm-compat4_1.23-3_amd64.deb ...
2026-09-27T18:18:51.9704173Z Unpacking libgdbm-compat4:amd64 (1.23-3) ...
2026-09-27T18:18:51.9848426Z Selecting previously unselected package libperl5.36:amd64.
2026-09-27T18:18:51.9860857Z Preparing to unpack .../03-libperl5.36_5.36.0-7+deb12u3_amd64.deb ...
2026-09-27T18:18:51.9869257Z Unpacking libperl5.36:amd64 (5.36.0-7+deb12u3) ...
2026-09-27T18:18:52.2761478Z Selecting previously unselected package perl.
2026-09-27T18:18:52.2774584Z Preparing to unpack .../04-perl_5.36.0-7+deb12u3_amd64.deb ...
2026-09-27T18:18:52.2825121Z Unpacking perl (5.36.0-7+deb12u3) ...
2026-09-27T18:18:52.3095014Z Selecting previously unselected package bzip2.
2026-09-27T18:18:52.3107741Z Preparing to unpack .../05-bzip2_1.0.8-5+b1_amd64.deb ...
2026-09-27T18:18:52.3118408Z Unpacking bzip2 (1.0.8-5+b1) ...
2026-09-27T18:18:52.3330307Z Selecting previously unselected package libssl3:amd64.
2026-09-27T18:18:52.3343588Z Preparing to unpack .../06-libssl3_3.0.22-1~deb12u1_amd64.deb ...
2026-09-27T18:18:52.3353864Z Unpacking libssl3:amd64 (3.0.22-1~deb12u1) ...
2026-09-27T18:18:52.4478422Z Selecting previously unselected package openssl.
2026-09-27T18:18:52.4490951Z Preparing to unpack .../07-openssl_3.0.22-1~deb12u1_amd64.deb ...
2026-09-27T18:18:52.4502890Z Unpacking openssl (3.0.22-1~deb12u1) ...
2026-09-27T18:18:52.5626287Z Selecting previously unselected package ca-certificates.
2026-09-27T18:18:52.5640805Z Preparing to unpack .../08-ca-certificates_20250419~deb12u1_all.deb ...
2026-09-27T18:18:52.5648326Z Unpacking ca-certificates (20250419~deb12u1) ...
2026-09-27T18:18:52.6110653Z Selecting previously unselected package xz-utils.
2026-09-27T18:18:52.6123806Z Preparing to unpack .../09-xz-utils_5.4.1-1+deb12u2_amd64.deb ...
2026-09-27T18:18:52.6133343Z Unpacking xz-utils (5.4.1-1+deb12u2) ...
2026-09-27T18:18:52.6780730Z Selecting previously unselected package binutils-common:amd64.
2026-09-27T18:18:52.6793528Z Preparing to unpack .../10-binutils-common_2.40-2_amd64.deb ...
2026-09-27T18:18:52.6801261Z Unpacking binutils-common:amd64 (2.40-2) ...
2026-09-27T18:18:52.8635775Z Selecting previously unselected package libbinutils:amd64.
2026-09-27T18:18:52.8654234Z Preparing to unpack .../11-libbinutils_2.40-2_amd64.deb ...
2026-09-27T18:18:52.8662599Z Unpacking libbinutils:amd64 (2.40-2) ...
2026-09-27T18:18:52.9152590Z Selecting previously unselected package libctf-nobfd0:amd64.
2026-09-27T18:18:52.9166346Z Preparing to unpack .../12-libctf-nobfd0_2.40-2_amd64.deb ...
2026-09-27T18:18:52.9175062Z Unpacking libctf-nobfd0:amd64 (2.40-2) ...
2026-09-27T18:18:52.9404914Z Selecting previously unselected package libctf0:amd64.
2026-09-27T18:18:52.9418263Z Preparing to unpack .../13-libctf0_2.40-2_amd64.deb ...
2026-09-27T18:18:52.9427006Z Unpacking libctf0:amd64 (2.40-2) ...
2026-09-27T18:18:52.9610123Z Selecting previously unselected package libgprofng0:amd64.
2026-09-27T18:18:52.9623089Z Preparing to unpack .../14-libgprofng0_2.40-2_amd64.deb ...
2026-09-27T18:18:52.9632009Z Unpacking libgprofng0:amd64 (2.40-2) ...
2026-09-27T18:18:53.0290457Z Selecting previously unselected package libjansson4:amd64.
2026-09-27T18:18:53.0303581Z Preparing to unpack .../15-libjansson4_2.14-2_amd64.deb ...
2026-09-27T18:18:53.0311625Z Unpacking libjansson4:amd64 (2.14-2) ...
2026-09-27T18:18:53.0477208Z Selecting previously unselected package binutils-x86-64-linux-gnu.
2026-09-27T18:18:53.0491837Z Preparing to unpack .../16-binutils-x86-64-linux-gnu_2.40-2_amd64.deb ...
2026-09-27T18:18:53.0500891Z Unpacking binutils-x86-64-linux-gnu (2.40-2) ...
2026-09-27T18:18:53.2230572Z Selecting previously unselected package binutils.
2026-09-27T18:18:53.2244260Z Preparing to unpack .../17-binutils_2.40-2_amd64.deb ...
2026-09-27T18:18:53.2251479Z Unpacking binutils (2.40-2) ...
2026-09-27T18:18:53.2435868Z Selecting previously unselected package libc-dev-bin.
2026-09-27T18:18:53.2451558Z Preparing to unpack .../18-libc-dev-bin_2.36-9+deb12u14_amd64.deb ...
2026-09-27T18:18:53.2460480Z Unpacking libc-dev-bin (2.36-9+deb12u14) ...
2026-09-27T18:18:53.2603383Z Selecting previously unselected package linux-libc-dev:amd64.
2026-09-27T18:18:53.2617221Z Preparing to unpack .../19-linux-libc-dev_6.1.187-1_amd64.deb ...
2026-09-27T18:18:53.2624816Z Unpacking linux-libc-dev:amd64 (6.1.187-1) ...
2026-09-27T18:18:53.4492286Z Selecting previously unselected package libcrypt-dev:amd64.
2026-09-27T18:18:53.4507440Z Preparing to unpack .../20-libcrypt-dev_1%3a4.4.33-2_amd64.deb ...
2026-09-27T18:18:53.4555176Z Unpacking libcrypt-dev:amd64 (1:4.4.33-2) ...
2026-09-27T18:18:53.4787568Z Selecting previously unselected package libkrb5support0:amd64.
2026-09-27T18:18:53.4802955Z Preparing to unpack .../21-libkrb5support0_1.20.1-2+deb12u5_amd64.deb ...
2026-09-27T18:18:53.4811463Z Unpacking libkrb5support0:amd64 (1.20.1-2+deb12u5) ...
2026-09-27T18:18:53.4967999Z Selecting previously unselected package libk5crypto3:amd64.
2026-09-27T18:18:53.4983527Z Preparing to unpack .../22-libk5crypto3_1.20.1-2+deb12u5_amd64.deb ...
2026-09-27T18:18:53.4990589Z Unpacking libk5crypto3:amd64 (1.20.1-2+deb12u5) ...
2026-09-27T18:18:53.5159859Z Selecting previously unselected package libkeyutils1:amd64.
2026-09-27T18:18:53.5173922Z Preparing to unpack .../23-libkeyutils1_1.6.3-2_amd64.deb ...
2026-09-27T18:18:53.5182378Z Unpacking libkeyutils1:amd64 (1.6.3-2) ...
2026-09-27T18:18:53.5307059Z Selecting previously unselected package libkrb5-3:amd64.
2026-09-27T18:18:53.5320427Z Preparing to unpack .../24-libkrb5-3_1.20.1-2+deb12u5_amd64.deb ...
2026-09-27T18:18:53.5330424Z Unpacking libkrb5-3:amd64 (1.20.1-2+deb12u5) ...
2026-09-27T18:18:53.5673305Z Selecting previously unselected package libgssapi-krb5-2:amd64.
2026-09-27T18:18:53.5686961Z Preparing to unpack .../25-libgssapi-krb5-2_1.20.1-2+deb12u5_amd64.deb ...
2026-09-27T18:18:53.5695736Z Unpacking libgssapi-krb5-2:amd64 (1.20.1-2+deb12u5) ...
2026-09-27T18:18:53.5898990Z Selecting previously unselected package libtirpc-common.
2026-09-27T18:18:53.5912827Z Preparing to unpack .../26-libtirpc-common_1.3.3+ds-1_all.deb ...
2026-09-27T18:18:53.5921757Z Unpacking libtirpc-common (1.3.3+ds-1) ...
2026-09-27T18:18:53.6078837Z Selecting previously unselected package libtirpc3:amd64.
2026-09-27T18:18:53.6092704Z Preparing to unpack .../27-libtirpc3_1.3.3+ds-1_amd64.deb ...
2026-09-27T18:18:53.6100229Z Unpacking libtirpc3:amd64 (1.3.3+ds-1) ...
2026-09-27T18:18:53.6275852Z Selecting previously unselected package libnsl2:amd64.
2026-09-27T18:18:53.6290294Z Preparing to unpack .../28-libnsl2_1.3.0-2_amd64.deb ...
2026-09-27T18:18:53.6298617Z Unpacking libnsl2:amd64 (1.3.0-2) ...
2026-09-27T18:18:53.6441816Z Selecting previously unselected package libtirpc-dev:amd64.
2026-09-27T18:18:53.6461011Z Preparing to unpack .../29-libtirpc-dev_1.3.3+ds-1_amd64.deb ...
2026-09-27T18:18:53.6469568Z Unpacking libtirpc-dev:amd64 (1.3.3+ds-1) ...
2026-09-27T18:18:53.6754347Z Selecting previously unselected package libnsl-dev:amd64.
2026-09-27T18:18:53.6768796Z Preparing to unpack .../30-libnsl-dev_1.3.0-2_amd64.deb ...
2026-09-27T18:18:53.6776376Z Unpacking libnsl-dev:amd64 (1.3.0-2) ...
2026-09-27T18:18:53.6941285Z Selecting previously unselected package rpcsvc-proto.
2026-09-27T18:18:53.6955384Z Preparing to unpack .../31-rpcsvc-proto_1.4.3-1_amd64.deb ...
2026-09-27T18:18:53.6963339Z Unpacking rpcsvc-proto (1.4.3-1) ...
2026-09-27T18:18:53.7190343Z Selecting previously unselected package libc6-dev:amd64.
2026-09-27T18:18:53.7204799Z Preparing to unpack .../32-libc6-dev_2.36-9+deb12u14_amd64.deb ...
2026-09-27T18:18:53.7214161Z Unpacking libc6-dev:amd64 (2.36-9+deb12u14) ...
2026-09-27T18:18:53.8640123Z Selecting previously unselected package libisl23:amd64.
2026-09-27T18:18:53.8655790Z Preparing to unpack .../33-libisl23_0.25-1.1_amd64.deb ...
2026-09-27T18:18:53.8664155Z Unpacking libisl23:amd64 (0.25-1.1) ...
2026-09-27T18:18:53.9207002Z Selecting previously unselected package libmpfr6:amd64.
2026-09-27T18:18:53.9222182Z Preparing to unpack .../34-libmpfr6_4.2.0-1_amd64.deb ...
2026-09-27T18:18:53.9229435Z Unpacking libmpfr6:amd64 (4.2.0-1) ...
2026-09-27T18:18:53.9586039Z Selecting previously unselected package libmpc3:amd64.
2026-09-27T18:18:53.9601386Z Preparing to unpack .../35-libmpc3_1.3.1-1_amd64.deb ...
2026-09-27T18:18:53.9608983Z Unpacking libmpc3:amd64 (1.3.1-1) ...
2026-09-27T18:18:53.9755212Z Selecting previously unselected package cpp-12.
2026-09-27T18:18:53.9769983Z Preparing to unpack .../36-cpp-12_12.2.0-14+deb12u1_amd64.deb ...
2026-09-27T18:18:53.9778543Z Unpacking cpp-12 (12.2.0-14+deb12u1) ...
2026-09-27T18:18:54.4770186Z Selecting previously unselected package cpp.
2026-09-27T18:18:54.4784670Z Preparing to unpack .../37-cpp_4%3a12.2.0-3_amd64.deb ...
2026-09-27T18:18:54.4791999Z Unpacking cpp (4:12.2.0-3) ...
2026-09-27T18:18:54.4918507Z Selecting previously unselected package libcc1-0:amd64.
2026-09-27T18:18:54.4932314Z Preparing to unpack .../38-libcc1-0_12.2.0-14+deb12u1_amd64.deb ...
2026-09-27T18:18:54.4939846Z Unpacking libcc1-0:amd64 (12.2.0-14+deb12u1) ...
2026-09-27T18:18:54.5082825Z Selecting previously unselected package libgomp1:amd64.
2026-09-27T18:18:54.5093384Z Preparing to unpack .../39-libgomp1_12.2.0-14+deb12u1_amd64.deb ...
2026-09-27T18:18:54.5100805Z Unpacking libgomp1:amd64 (12.2.0-14+deb12u1) ...
2026-09-27T18:18:54.5291621Z Selecting previously unselected package libitm1:amd64.
2026-09-27T18:18:54.5301645Z Preparing to unpack .../40-libitm1_12.2.0-14+deb12u1_amd64.deb ...
2026-09-27T18:18:54.5309207Z Unpacking libitm1:amd64 (12.2.0-14+deb12u1) ...
2026-09-27T18:18:54.5451742Z Selecting previously unselected package libatomic1:amd64.
2026-09-27T18:18:54.5461446Z Preparing to unpack .../41-libatomic1_12.2.0-14+deb12u1_amd64.deb ...
2026-09-27T18:18:54.5469060Z Unpacking libatomic1:amd64 (12.2.0-14+deb12u1) ...
2026-09-27T18:18:54.5594739Z Selecting previously unselected package libasan8:amd64.
2026-09-27T18:18:54.5604132Z Preparing to unpack .../42-libasan8_12.2.0-14+deb12u1_amd64.deb ...
2026-09-27T18:18:54.5613415Z Unpacking libasan8:amd64 (12.2.0-14+deb12u1) ...
2026-09-27T18:18:54.7122217Z Selecting previously unselected package liblsan0:amd64.
2026-09-27T18:18:54.7137239Z Preparing to unpack .../43-liblsan0_12.2.0-14+deb12u1_amd64.deb ...
2026-09-27T18:18:54.7144639Z Unpacking liblsan0:amd64 (12.2.0-14+deb12u1) ...
2026-09-27T18:18:54.7853967Z Selecting previously unselected package libtsan2:amd64.
2026-09-27T18:18:54.7868605Z Preparing to unpack .../44-libtsan2_12.2.0-14+deb12u1_amd64.deb ...
2026-09-27T18:18:54.7876601Z Unpacking libtsan2:amd64 (12.2.0-14+deb12u1) ...
2026-09-27T18:18:54.9412728Z Selecting previously unselected package libubsan1:amd64.
2026-09-27T18:18:54.9427715Z Preparing to unpack .../45-libubsan1_12.2.0-14+deb12u1_amd64.deb ...
2026-09-27T18:18:54.9436219Z Unpacking libubsan1:amd64 (12.2.0-14+deb12u1) ...
2026-09-27T18:18:55.0121858Z Selecting previously unselected package libquadmath0:amd64.
2026-09-27T18:18:55.0135948Z Preparing to unpack .../46-libquadmath0_12.2.0-14+deb12u1_amd64.deb ...
2026-09-27T18:18:55.0145183Z Unpacking libquadmath0:amd64 (12.2.0-14+deb12u1) ...
2026-09-27T18:18:55.0338454Z Selecting previously unselected package libgcc-12-dev:amd64.
2026-09-27T18:18:55.0352539Z Preparing to unpack .../47-libgcc-12-dev_12.2.0-14+deb12u1_amd64.deb ...
2026-09-27T18:18:55.0360921Z Unpacking libgcc-12-dev:amd64 (12.2.0-14+deb12u1) ...
2026-09-27T18:18:55.1875592Z Selecting previously unselected package gcc-12.
2026-09-27T18:18:55.1890981Z Preparing to unpack .../48-gcc-12_12.2.0-14+deb12u1_amd64.deb ...
2026-09-27T18:18:55.1898208Z Unpacking gcc-12 (12.2.0-14+deb12u1) ...
2026-09-27T18:18:55.8103904Z Selecting previously unselected package gcc.
2026-09-27T18:18:55.8118236Z Preparing to unpack .../49-gcc_4%3a12.2.0-3_amd64.deb ...
2026-09-27T18:18:55.8131692Z Unpacking gcc (4:12.2.0-3) ...
2026-09-27T18:18:55.8295696Z Selecting previously unselected package libstdc++-12-dev:amd64.
2026-09-27T18:18:55.8310054Z Preparing to unpack .../50-libstdc++-12-dev_12.2.0-14+deb12u1_amd64.deb ...
2026-09-27T18:18:55.8317222Z Unpacking libstdc++-12-dev:amd64 (12.2.0-14+deb12u1) ...
2026-09-27T18:18:56.0225205Z Selecting previously unselected package g++-12.
2026-09-27T18:18:56.0242204Z Preparing to unpack .../51-g++-12_12.2.0-14+deb12u1_amd64.deb ...
2026-09-27T18:18:56.0249553Z Unpacking g++-12 (12.2.0-14+deb12u1) ...
2026-09-27T18:18:56.5361232Z Selecting previously unselected package g++.
2026-09-27T18:18:56.5376035Z Preparing to unpack .../52-g++_4%3a12.2.0-3_amd64.deb ...
2026-09-27T18:18:56.5384202Z Unpacking g++ (4:12.2.0-3) ...
2026-09-27T18:18:56.5493780Z Selecting previously unselected package make.
2026-09-27T18:18:56.5505087Z Preparing to unpack .../53-make_4.3-4.1_amd64.deb ...
2026-09-27T18:18:56.5513029Z Unpacking make (4.3-4.1) ...
2026-09-27T18:18:56.5885130Z Selecting previously unselected package libdpkg-perl.
2026-09-27T18:18:56.5897750Z Preparing to unpack .../54-libdpkg-perl_1.21.23_all.deb ...
2026-09-27T18:18:56.5905683Z Unpacking libdpkg-perl (1.21.23) ...
2026-09-27T18:18:56.6432176Z Selecting previously unselected package patch.
2026-09-27T18:18:56.6447954Z Preparing to unpack .../55-patch_2.7.6-7_amd64.deb ...
2026-09-27T18:18:56.6455376Z Unpacking patch (2.7.6-7) ...
2026-09-27T18:18:56.6651993Z Selecting previously unselected package dpkg-dev.
2026-09-27T18:18:56.6667439Z Preparing to unpack .../56-dpkg-dev_1.21.23_all.deb ...
2026-09-27T18:18:56.6674754Z Unpacking dpkg-dev (1.21.23) ...
2026-09-27T18:18:56.7559305Z Selecting previously unselected package build-essential.
2026-09-27T18:18:56.7577753Z Preparing to unpack .../57-build-essential_12.9_amd64.deb ...
2026-09-27T18:18:56.7586089Z Unpacking build-essential (12.9) ...
2026-09-27T18:18:56.7721721Z Selecting previously unselected package libbrotli1:amd64.
2026-09-27T18:18:56.7738056Z Preparing to unpack .../58-libbrotli1_1.0.9-2+b6_amd64.deb ...
2026-09-27T18:18:56.7746096Z Unpacking libbrotli1:amd64 (1.0.9-2+b6) ...
2026-09-27T18:18:56.8042956Z Selecting previously unselected package libsasl2-modules-db:amd64.
2026-09-27T18:18:56.8059227Z Preparing to unpack .../59-libsasl2-modules-db_2.1.28+dfsg-10_amd64.deb ...
2026-09-27T18:18:56.8067262Z Unpacking libsasl2-modules-db:amd64 (2.1.28+dfsg-10) ...
2026-09-27T18:18:56.8207500Z Selecting previously unselected package libsasl2-2:amd64.
2026-09-27T18:18:56.8226150Z Preparing to unpack .../60-libsasl2-2_2.1.28+dfsg-10_amd64.deb ...
2026-09-27T18:18:56.8234842Z Unpacking libsasl2-2:amd64 (2.1.28+dfsg-10) ...
2026-09-27T18:18:56.8437803Z Selecting previously unselected package libldap-2.5-0:amd64.
2026-09-27T18:18:56.8453327Z Preparing to unpack .../61-libldap-2.5-0_2.5.13+dfsg-5_amd64.deb ...
2026-09-27T18:18:56.8471038Z Unpacking libldap-2.5-0:amd64 (2.5.13+dfsg-5) ...
2026-09-27T18:18:56.8723127Z Selecting previously unselected package libnghttp2-14:amd64.
2026-09-27T18:18:56.8738963Z Preparing to unpack .../62-libnghttp2-14_1.52.0-1+deb12u3_amd64.deb ...
2026-09-27T18:18:56.8747522Z Unpacking libnghttp2-14:amd64 (1.52.0-1+deb12u3) ...
2026-09-27T18:18:56.8917969Z Selecting previously unselected package libpsl5:amd64.
2026-09-27T18:18:56.8935120Z Preparing to unpack .../63-libpsl5_0.21.2-1_amd64.deb ...
2026-09-27T18:18:56.8954759Z Unpacking libpsl5:amd64 (0.21.2-1) ...
2026-09-27T18:18:56.9121705Z Selecting previously unselected package librtmp1:amd64.
2026-09-27T18:18:56.9137894Z Preparing to unpack .../64-librtmp1_2.4+20151223.gitfa8646d.1-2+b2_amd64.deb ...
2026-09-27T18:18:56.9145917Z Unpacking librtmp1:amd64 (2.4+20151223.gitfa8646d.1-2+b2) ...
2026-09-27T18:18:56.9306528Z Selecting previously unselected package libssh2-1:amd64.
2026-09-27T18:18:56.9321984Z Preparing to unpack .../65-libssh2-1_1.10.0-3+deb12u1_amd64.deb ...
2026-09-27T18:18:56.9330082Z Unpacking libssh2-1:amd64 (1.10.0-3+deb12u1) ...
2026-09-27T18:18:56.9587031Z Selecting previously unselected package libcurl4:amd64.
2026-09-27T18:18:56.9603370Z Preparing to unpack .../66-libcurl4_7.88.1-10+deb12u15_amd64.deb ...
2026-09-27T18:18:56.9613643Z Unpacking libcurl4:amd64 (7.88.1-10+deb12u15) ...
2026-09-27T18:18:56.9977014Z Selecting previously unselected package curl.
2026-09-27T18:18:56.9993729Z Preparing to unpack .../67-curl_7.88.1-10+deb12u15_amd64.deb ...
2026-09-27T18:18:57.0001988Z Unpacking curl (7.88.1-10+deb12u15) ...
2026-09-27T18:18:57.0499799Z Setting up libkeyutils1:amd64 (1.6.3-2) ...
2026-09-27T18:18:57.0559789Z Setting up libpsl5:amd64 (0.21.2-1) ...
2026-09-27T18:18:57.0582914Z Setting up libtirpc-common (1.3.3+ds-1) ...
2026-09-27T18:18:57.0621102Z Setting up libbrotli1:amd64 (1.0.9-2+b6) ...
2026-09-27T18:18:57.0645368Z Setting up binutils-common:amd64 (2.40-2) ...
2026-09-27T18:18:57.0676194Z Setting up libssl3:amd64 (3.0.22-1~deb12u1) ...
2026-09-27T18:18:57.0698688Z Setting up libnghttp2-14:amd64 (1.52.0-1+deb12u3) ...
2026-09-27T18:18:57.0720516Z Setting up linux-libc-dev:amd64 (6.1.187-1) ...
2026-09-27T18:18:57.0744991Z Setting up libctf-nobfd0:amd64 (2.40-2) ...
2026-09-27T18:18:57.0766619Z Setting up libgomp1:amd64 (12.2.0-14+deb12u1) ...
2026-09-27T18:18:57.0785616Z Setting up bzip2 (1.0.8-5+b1) ...
2026-09-27T18:18:57.0805031Z Setting up libjansson4:amd64 (2.14-2) ...
2026-09-27T18:18:57.0825667Z Setting up libkrb5support0:amd64 (1.20.1-2+deb12u5) ...
2026-09-27T18:18:57.0848584Z Setting up libsasl2-modules-db:amd64 (2.1.28+dfsg-10) ...
2026-09-27T18:18:57.0868494Z Setting up perl-modules-5.36 (5.36.0-7+deb12u3) ...
2026-09-27T18:18:57.0888887Z Setting up rpcsvc-proto (1.4.3-1) ...
2026-09-27T18:18:57.0906124Z Setting up make (4.3-4.1) ...
2026-09-27T18:18:57.0923806Z Setting up libmpfr6:amd64 (4.2.0-1) ...
2026-09-27T18:18:57.0944425Z Setting up librtmp1:amd64 (2.4+20151223.gitfa8646d.1-2+b2) ...
2026-09-27T18:18:57.0965104Z Setting up xz-utils (5.4.1-1+deb12u2) ...
2026-09-27T18:18:57.1001139Z update-alternatives: using /usr/bin/xz to provide /usr/bin/lzma (lzma) in auto mode
2026-09-27T18:18:57.1060920Z Setting up libquadmath0:amd64 (12.2.0-14+deb12u1) ...
2026-09-27T18:18:57.1082554Z Setting up libmpc3:amd64 (1.3.1-1) ...
2026-09-27T18:18:57.1103382Z Setting up libatomic1:amd64 (12.2.0-14+deb12u1) ...
2026-09-27T18:18:57.1122284Z Setting up patch (2.7.6-7) ...
2026-09-27T18:18:57.1141858Z Setting up libk5crypto3:amd64 (1.20.1-2+deb12u5) ...
2026-09-27T18:18:57.1166372Z Setting up libsasl2-2:amd64 (2.1.28+dfsg-10) ...
2026-09-27T18:18:57.1185640Z Setting up libubsan1:amd64 (12.2.0-14+deb12u1) ...
2026-09-27T18:18:57.1205572Z Setting up libcrypt-dev:amd64 (1:4.4.33-2) ...
2026-09-27T18:18:57.1267069Z Setting up libasan8:amd64 (12.2.0-14+deb12u1) ...
2026-09-27T18:18:57.1287894Z Setting up libssh2-1:amd64 (1.10.0-3+deb12u1) ...
2026-09-27T18:18:57.1310100Z Setting up libkrb5-3:amd64 (1.20.1-2+deb12u5) ...
2026-09-27T18:18:57.1330400Z Setting up libtsan2:amd64 (12.2.0-14+deb12u1) ...
2026-09-27T18:18:57.1349865Z Setting up libbinutils:amd64 (2.40-2) ...
2026-09-27T18:18:57.1369309Z Setting up libisl23:amd64 (0.25-1.1) ...
2026-09-27T18:18:57.1390711Z Setting up libc-dev-bin (2.36-9+deb12u14) ...
2026-09-27T18:18:57.1411082Z Setting up openssl (3.0.22-1~deb12u1) ...
2026-09-27T18:18:57.1448692Z Setting up libcc1-0:amd64 (12.2.0-14+deb12u1) ...
2026-09-27T18:18:57.1473348Z Setting up liblsan0:amd64 (12.2.0-14+deb12u1) ...
2026-09-27T18:18:57.1493955Z Setting up libitm1:amd64 (12.2.0-14+deb12u1) ...
2026-09-27T18:18:57.1515018Z Setting up libgdbm6:amd64 (1.23-3) ...
2026-09-27T18:18:57.1538047Z Setting up libctf0:amd64 (2.40-2) ...
2026-09-27T18:18:57.1558879Z Setting up cpp-12 (12.2.0-14+deb12u1) ...
2026-09-27T18:18:57.1579022Z Setting up libldap-2.5-0:amd64 (2.5.13+dfsg-5) ...
2026-09-27T18:18:57.1600974Z Setting up ca-certificates (20250419~deb12u1) ...
2026-09-27T18:18:57.2262064Z debconf: unable to initialize frontend: Dialog
2026-09-27T18:18:57.2263068Z debconf: (TERM is not set, so the dialog frontend is not usable.)
2026-09-27T18:18:57.2263766Z debconf: falling back to frontend: Readline
2026-09-27T18:18:57.2322997Z debconf: unable to initialize frontend: Readline
2026-09-27T18:18:57.2323832Z debconf: (This frontend requires a controlling tty.)
2026-09-27T18:18:57.2324224Z debconf: falling back to frontend: Teletype
2026-09-27T18:18:57.6271419Z Updating certificates in /etc/ssl/certs...
2026-09-27T18:18:58.1802852Z 150 added, 0 removed; done.
2026-09-27T18:18:58.1945375Z Setting up libgprofng0:amd64 (2.40-2) ...
2026-09-27T18:18:58.1966815Z Setting up libgcc-12-dev:amd64 (12.2.0-14+deb12u1) ...
2026-09-27T18:18:58.1987366Z Setting up libgssapi-krb5-2:amd64 (1.20.1-2+deb12u5) ...
2026-09-27T18:18:58.2017626Z Setting up libgdbm-compat4:amd64 (1.23-3) ...
2026-09-27T18:18:58.2037444Z Setting up cpp (4:12.2.0-3) ...
2026-09-27T18:18:58.2079404Z Setting up libcurl4:amd64 (7.88.1-10+deb12u15) ...
2026-09-27T18:18:58.2100349Z Setting up curl (7.88.1-10+deb12u15) ...
2026-09-27T18:18:58.2119355Z Setting up libperl5.36:amd64 (5.36.0-7+deb12u3) ...
2026-09-27T18:18:58.2140371Z Setting up binutils-x86-64-linux-gnu (2.40-2) ...
2026-09-27T18:18:58.2158950Z Setting up libtirpc3:amd64 (1.3.3+ds-1) ...
2026-09-27T18:18:58.2184753Z Setting up binutils (2.40-2) ...
2026-09-27T18:18:58.2207217Z Setting up perl (5.36.0-7+deb12u3) ...
2026-09-27T18:18:58.2306897Z Setting up libtirpc-dev:amd64 (1.3.3+ds-1) ...
2026-09-27T18:18:58.2331105Z Setting up gcc-12 (12.2.0-14+deb12u1) ...
2026-09-27T18:18:58.2354586Z Setting up libdpkg-perl (1.21.23) ...
2026-09-27T18:18:58.2374145Z Setting up libnsl2:amd64 (1.3.0-2) ...
2026-09-27T18:18:58.2393509Z Setting up gcc (4:12.2.0-3) ...
2026-09-27T18:18:58.2473250Z Setting up dpkg-dev (1.21.23) ...
2026-09-27T18:18:58.2513485Z Setting up libnsl-dev:amd64 (1.3.0-2) ...
2026-09-27T18:18:58.2532047Z Setting up libc6-dev:amd64 (2.36-9+deb12u14) ...
2026-09-27T18:18:58.2553653Z Setting up libstdc++-12-dev:amd64 (12.2.0-14+deb12u1) ...
2026-09-27T18:18:58.2573866Z Setting up g++-12 (12.2.0-14+deb12u1) ...
2026-09-27T18:18:58.2596392Z Setting up g++ (4:12.2.0-3) ...
2026-09-27T18:18:58.2626568Z update-alternatives: using /usr/bin/g++ to provide /usr/bin/c++ (c++) in auto mode
2026-09-27T18:18:58.2645156Z Setting up build-essential (12.9) ...
2026-09-27T18:18:58.2669575Z Processing triggers for libc-bin (2.36-9+deb12u14) ...
2026-09-27T18:18:58.2777569Z Processing triggers for ca-certificates (20250419~deb12u1) ...
2026-09-27T18:18:58.2813523Z Updating certificates in /etc/ssl/certs...
2026-09-27T18:18:58.7216517Z 0 added, 0 removed; done.
2026-09-27T18:18:58.7217046Z Running hooks in /etc/ca-certificates/update.d...
2026-09-27T18:18:58.7226312Z done.
2026-09-27T18:18:59.0497861Z info: downloading installer
2026-09-27T18:18:59.3570748Z error: $HOME differs from euid-obtained home directory: you may be using sudo
2026-09-27T18:18:59.3571544Z error: $HOME directory: /github/home
2026-09-27T18:18:59.3572042Z error: euid-obtained home directory: /root
2026-09-27T18:18:59.3667489Z info: profile set to minimal
2026-09-27T18:18:59.3667870Z info: default host tuple is x86_64-unknown-linux-gnu
2026-09-27T18:18:59.3680431Z info: syncing channel updates for stable-x86_64-unknown-linux-gnu
2026-09-27T18:18:59.5556348Z info: latest update on 2026-09-03 for version 1.98.1 (48a229cea 2026-09-01)
2026-09-27T18:18:59.5556895Z info: downloading 3 components
2026-09-27T18:19:07.0310309Z info: default toolchain set to stable-x86_64-unknown-linux-gnu
2026-09-27T18:19:07.0310624Z 
2026-09-27T18:19:07.0402816Z   stable-x86_64-unknown-linux-gnu installed - rustc 1.98.1 (48a229cea 2026-09-01)
2026-09-27T18:19:07.0403540Z 
2026-09-27T18:19:07.0404033Z 
2026-09-27T18:19:07.0404269Z Rust is installed now. Great!
2026-09-27T18:19:07.0404574Z 
2026-09-27T18:19:07.0404835Z To get started you may need to restart your current shell.
2026-09-27T18:19:07.0405551Z This would reload your PATH environment variable to include
2026-09-27T18:19:07.0406159Z Cargo's bin directory ($HOME/.cargo/bin).
2026-09-27T18:19:07.0406496Z 
2026-09-27T18:19:07.0406725Z To configure your current shell, you need to source the
2026-09-27T18:19:07.0407299Z corresponding env file under $HOME/.cargo.
2026-09-27T18:19:07.0407638Z 
2026-09-27T18:19:07.0407981Z Consider running the right command for your shell (note the leading DOT):
2026-09-27T18:19:07.0408690Z . "$HOME/.cargo/env" # For sh/ash/dash/pdksh
2026-09-27T18:19:07.0409492Z cargo:rerun-if-env-changed=CC_x86_64-unknown-linux-gnu
2026-09-27T18:19:07.0410062Z CC_x86_64-unknown-linux-gnu = None
2026-09-27T18:19:07.0410583Z cargo:rerun-if-env-changed=CC_x86_64_unknown_linux_gnu
2026-09-27T18:19:07.0411129Z CC_x86_64_unknown_linux_gnu = None
2026-09-27T18:19:07.0411570Z cargo:rerun-if-env-changed=HOST_CC
2026-09-27T18:19:07.0411982Z HOST_CC = None
2026-09-27T18:19:07.0412336Z cargo:rerun-if-env-changed=CC
2026-09-27T18:19:07.0412918Z CC = None
2026-09-27T18:19:07.0414714Z cargo:rerun-if-env-changed=CC_ENABLE_DEBUG_OUTPUT
2026-09-27T18:19:07.0491485Z cargo:rerun-if-env-changed=CRATE_CC_NO_DEFAULTS
2026-09-27T18:19:07.0492110Z CRATE_CC_NO_DEFAULTS = None
2026-09-27T18:19:07.0493431Z cargo:rerun-if-env-changed=CFLAGS
2026-09-27T18:19:07.0494117Z CFLAGS = None
2026-09-27T18:19:07.0494695Z cargo:rerun-if-env-changed=HOST_CFLAGS
2026-09-27T18:19:07.0495003Z HOST_CFLAGS = None
2026-09-27T18:19:07.0495539Z cargo:rerun-if-env-changed=CFLAGS_x86_64_unknown_linux_gnu
2026-09-27T18:19:07.0495909Z CFLAGS_x86_64_unknown_linux_gnu = None
2026-09-27T18:19:07.0496236Z cargo:rerun-if-env-changed=CFLAGS_x86_64-unknown-linux-gnu
2026-09-27T18:19:07.0496567Z CFLAGS_x86_64-unknown-linux-gnu = None
2026-09-27T18:19:07.0654898Z ##[group]Run cargo build
2026-09-27T18:19:07.0655327Z [36;1mcargo build[0m
2026-09-27T18:19:07.0656069Z shell: sh -e {0}
2026-09-27T18:19:07.0656397Z ##[endgroup]
2026-09-27T18:19:07.1393683Z error: could not find `Cargo.toml` in `/__w/HBS-Tool/HBS-Tool` or any parent directory
2026-09-27T18:19:07.1440161Z ##[error]Process completed with exit code 101.
2026-09-27T18:19:07.1588198Z Post job cleanup.
2026-09-27T18:19:07.1596348Z ##[command]/usr/bin/docker exec  e8a4336f97a89e8059873ad1e8240c3aad5dc46d4a8196a03a3a98d151896c01 sh -c "cat /etc/*release | grep ^ID"
2026-09-27T18:19:07.3748086Z Stop and remove container: 0d03aedceabb4ea181752dd40755b4f0_debian12_e7d8f1
2026-09-27T18:19:07.3754654Z ##[command]/usr/bin/docker rm --force e8a4336f97a89e8059873ad1e8240c3aad5dc46d4a8196a03a3a98d151896c01
2026-09-27T18:19:07.7515884Z e8a4336f97a89e8059873ad1e8240c3aad5dc46d4a8196a03a3a98d151896c01
2026-09-27T18:19:07.7553714Z Remove container network: github_network_3f7aa0e0584446cbb71beb2cea88d5b6
2026-09-27T18:19:07.7560567Z ##[command]/usr/bin/docker network rm github_network_3f7aa0e0584446cbb71beb2cea88d5b6
2026-09-27T18:19:07.8523543Z github_network_3f7aa0e0584446cbb71beb2cea88d5b6
2026-09-27T18:19:07.8598846Z Cleaning up orphan processes
